2026-01-18 14:07:51,210 INFO notifyConnectTimeout:200

2026-01-18 14:07:51,216 INFO notifySocketTimeout:8000

2026-01-18 14:07:51,217 INFO isHealthCheck:true

2026-01-18 14:07:51,217 INFO maxHealthCheckFailCount:12

2026-01-18 14:07:51,217 INFO maxContent:10485760

2026-01-18 14:07:54,811 INFO use local db service for init

2026-01-18 14:07:55,698 WARN Lexical error at line 4, column 66.  Encountered: <EOF> after : "".

2026-01-18 14:07:55,708 WARN Syntax error: Encountered "*" at line 1, column 1.

2026-01-18 14:07:55,998 INFO use StandaloneDatabaseOperateImpl

2026-01-18 14:07:57,777 WARN DumpService start

2026-01-18 14:07:57,779 INFO start clear all config-info.

2026-01-18 14:07:57,780 WARN clear all config-info failed.

2026-01-18 14:07:57,780 WARN clear all config-info-tenant failed.

2026-01-18 14:07:57,830 INFO start clear all config-info-beta.

2026-01-18 14:07:57,830 WARN clear all config-info-beta failed.

2026-01-18 14:07:57,830 WARN clear all config-info-beta-tenant failed.

2026-01-18 14:07:57,841 INFO start clear all config-info-tag.

2026-01-18 14:07:57,841 WARN clear all config-info-tag failed.

2026-01-18 14:07:57,841 WARN clear all config-info-tag-tenant failed.

2026-01-18 15:53:27,503 INFO notifyConnectTimeout:200

2026-01-18 15:53:27,510 INFO notifySocketTimeout:8000

2026-01-18 15:53:27,510 INFO isHealthCheck:true

2026-01-18 15:53:27,510 INFO maxHealthCheckFailCount:12

2026-01-18 15:53:27,510 INFO maxContent:10485760

2026-01-18 15:53:31,193 INFO use local db service for init

2026-01-18 15:53:32,106 WARN Lexical error at line 4, column 66.  Encountered: <EOF> after : "".

2026-01-18 15:53:32,113 WARN Syntax error: Encountered "*" at line 1, column 1.

2026-01-18 15:53:32,166 WARN Table/View 'CONFIG_INFO' already exists in Schema 'NACOS'.

2026-01-18 15:53:32,218 WARN Table/View 'HIS_CONFIG_INFO' already exists in Schema 'NACOS'.

2026-01-18 15:53:32,234 WARN Table/View 'CONFIG_INFO_BETA' already exists in Schema 'NACOS'.

2026-01-18 15:53:32,234 WARN Table/View 'CONFIG_INFO_TAG' already exists in Schema 'NACOS'.

2026-01-18 15:53:32,259 WARN Table/View 'CONFIG_INFO_AGGR' already exists in Schema 'NACOS'.

2026-01-18 15:53:32,267 WARN Table/View 'APP_LIST' already exists in Schema 'NACOS'.

2026-01-18 15:53:32,267 WARN Table/View 'APP_CONFIGDATA_RELATION_SUBS' already exists in Schema 'NACOS'.

2026-01-18 15:53:32,283 WARN Table/View 'APP_CONFIGDATA_RELATION_PUBS' already exists in Schema 'NACOS'.

2026-01-18 15:53:32,292 WARN Table/View 'CONFIG_TAGS_RELATION' already exists in Schema 'NACOS'.

2026-01-18 15:53:32,297 WARN Table/View 'GROUP_CAPACITY' already exists in Schema 'NACOS'.

2026-01-18 15:53:32,297 WARN Table/View 'TENANT_CAPACITY' already exists in Schema 'NACOS'.

2026-01-18 15:53:32,318 WARN Table/View 'TENANT_INFO' already exists in Schema 'NACOS'.

2026-01-18 15:53:32,318 WARN Table/View 'USERS' already exists in Schema 'NACOS'.

2026-01-18 15:53:32,329 WARN Table/View 'ROLES' already exists in Schema 'NACOS'.

2026-01-18 15:53:32,341 WARN Table/View 'PERMISSIONS' already exists in Schema 'NACOS'.

2026-01-18 15:53:32,390 WARN The statement was aborted because it would have caused a duplicate key value in a unique or primary key constraint or unique index identified by 'SQL260118140755940' defined on 'USERS'.

2026-01-18 15:53:32,392 WARN The statement was aborted because it would have caused a duplicate key value in a unique or primary key constraint or unique index identified by 'UK_USERNAME_ROLE' defined on 'ROLES'.

2026-01-18 15:53:32,392 INFO use StandaloneDatabaseOperateImpl

2026-01-18 15:53:34,391 WARN DumpService start

2026-01-18 15:53:34,391 INFO start clear all config-info.

2026-01-18 15:53:34,391 WARN clear all config-info failed.

2026-01-18 15:53:34,391 WARN clear all config-info-tenant failed.

2026-01-18 15:53:34,423 INFO start clear all config-info-beta.

2026-01-18 15:53:34,423 WARN clear all config-info-beta failed.

2026-01-18 15:53:34,423 WARN clear all config-info-beta-tenant failed.

2026-01-18 15:53:34,439 INFO start clear all config-info-tag.

2026-01-18 15:53:34,439 WARN clear all config-info-tag failed.

2026-01-18 15:53:34,439 WARN clear all config-info-tag-tenant failed.

