2026-01-18 14:08:27,889 INFO PERFORMANCE:|0|0|-1|-1

2026-01-18 14:13:27,890 INFO PERFORMANCE:|3|3|-1|-1

2026-01-18 14:18:27,896 INFO PERFORMANCE:|3|3|-1|-1

2026-01-18 14:23:27,905 INFO PERFORMANCE:|3|3|-1|-1

2026-01-18 14:28:27,920 INFO PERFORMANCE:|3|3|-1|-1

2026-01-18 14:33:27,929 INFO PERFORMANCE:|3|3|-1|-1

2026-01-18 14:38:27,930 INFO PERFORMANCE:|3|3|-1|-1

2026-01-18 14:43:27,930 INFO PERFORMANCE:|3|3|-1|-1

2026-01-18 14:48:27,946 INFO PERFORMANCE:|3|3|-1|-1

2026-01-18 14:53:27,956 INFO PERFORMANCE:|3|3|-1|-1

2026-01-18 14:58:27,970 INFO PERFORMANCE:|4|4|-1|-1

2026-01-18 15:03:27,990 INFO PERFORMANCE:|4|3|1|1

2026-01-18 15:08:27,992 INFO PERFORMANCE:|4|3|-1|-1

2026-01-18 15:13:27,996 INFO PERFORMANCE:|3|3|-1|-1

2026-01-18 15:18:28,009 INFO PERFORMANCE:|3|3|-1|-1

2026-01-18 15:23:28,022 INFO PERFORMANCE:|4|4|-1|-1

2026-01-18 15:28:28,025 INFO PERFORMANCE:|4|4|-1|-1

2026-01-18 15:33:28,025 INFO PERFORMANCE:|4|4|-1|-1

2026-01-18 15:38:28,036 INFO PERFORMANCE:|4|4|-1|-1

2026-01-18 15:43:28,048 INFO PERFORMANCE:|4|4|-1|-1

2026-01-18 15:48:28,063 INFO PERFORMANCE:|4|4|-1|-1

2026-01-18 15:54:04,481 INFO PERFORMANCE:|3|3|3|3

2026-01-18 15:59:04,489 INFO PERFORMANCE:|4|4|-1|-1

2026-01-18 16:04:04,495 INFO PERFORMANCE:|4|4|-1|-1

2026-01-18 16:09:04,510 INFO PERFORMANCE:|4|4|-1|-1

2026-01-18 16:14:04,524 INFO PERFORMANCE:|4|4|-1|-1

2026-01-18 16:19:04,538 INFO PERFORMANCE:|4|4|-1|-1

2026-01-18 16:24:04,547 INFO PERFORMANCE:|4|4|-1|-1

2026-01-18 16:29:04,549 INFO PERFORMANCE:|4|4|-1|-1

2026-01-18 16:34:04,557 INFO PERFORMANCE:|4|4|-1|-1

2026-01-18 16:39:04,566 INFO PERFORMANCE:|4|4|-1|-1

2026-01-18 16:44:04,572 INFO PERFORMANCE:|4|4|-1|-1

2026-01-18 16:49:04,579 INFO PERFORMANCE:|4|4|-1|-1

2026-01-18 16:54:04,593 INFO PERFORMANCE:|4|4|-1|-1

2026-01-18 16:59:04,606 INFO PERFORMANCE:|4|4|-1|-1

